
> metal-prod-system@0.1.0 build
> next build

Ôû▓ Next.js 16.2.10 (Turbopack)
- Environments: .env

node.exe : ÔÜá The "middleware" file convention is deprecated. Please use "proxy" instead. Learn more: 
https://nextjs.org/docs/messages/middleware-to-proxy
En C:\Program Files\nodejs\npm.ps1: 29 Carácter: 3
+   & $NODE_EXE $NPM_CLI_JS $args
+   ~~~~~~~~~~~~~~~~~~~~~~~~~~~~~
    + CategoryInfo          : NotSpecified: (ÔÜá The "middle...leware-to-proxy:String) [], RemoteException
    + FullyQualifiedErrorId : NativeCommandError
 
  Creating an optimized production build ...

> Build error occurred
Error: Turbopack build failed with 8 errors:
./src/app/api/auth/[...nextauth]/route.ts:3:1
Module not found: Can't resolve '@auth/prisma-adapter'
  [90m1 |[0m [36mimport[0m [33mNextAuth[0m [36mfrom[0m [32m"next-auth"[0m;
  [90m2 |[0m [36mimport[0m [33mGoogle[0m [36mfrom[0m [32m"next-auth/providers/google"[0m;
[31m[1m>[0m [90m3 |[0m [36mimport[0m { [33mPrismaAdapter[0m } [36mfrom[0m [32m"@auth/prisma-adapter"[0m;
  [90m  |[0m [31m[1m^^^^^^^^^^^^^^^^^^^^^^^^^^^^^^^^^^^^^^^^^^^^^^^^^^^^^[0m
  [90m4 |[0m [36mimport[0m prisma [36mfrom[0m [32m"@/lib/db"[0m;
  [90m5 |[0m [36mimport[0m [36mtype[0m { [33mProvider[0m } [36mfrom[0m [32m"next-auth/providers"[0m;
  [90m6 |[0m [36mimport[0m [36mtype[0m { [33mRole[0m } [36mfrom[0m [32m"@prisma/client"[0m;



https://nextjs.org/docs/messages/module-not-found


./src/app/components/CalendarioProduccion.tsx:4:1
Module not found: Can't resolve 'lucide-react'
  [90m2 |[0m
  [90m3 |[0m [36mimport[0m { useState, useEffect } [36mfrom[0m [32m'react'[0m;
[31m[1m>[0m [90m4 |[0m [36mimport[0m { [33mChevronLeft[0m, [33mChevronRight[0m, [33mAlertTriangle[0m, 
[33mAlertCircle[0m, [33mClock[0m } [36mfrom[0m [32m'lucide-react'[0m;
  [90m  |[0m 
[31m[1m^^^^^^^^^^^^^^^^^^^^^^^^^^^^^^^^^^^^^^^^^^^^^^^^^^^^^^^^^^^^^^^^^^^^^^^^^^^^^^^^^^^^^^^^^^^^[0m
  [90m5 |[0m
  [90m6 |[0m [36minterface[0m [33mOrdenProduccion[0m {
  [90m7 |[0m   id: string;



Import traces:
  Client Component Browser:
    ./src/app/components/CalendarioProduccion.tsx [Client Component Browser]
    ./src/app/page.tsx [Client Component Browser]
    ./src/app/page.tsx [Server Component]

  Client Component SSR:
    ./src/app/components/CalendarioProduccion.tsx [Client Component SSR]
    ./src/app/page.tsx [Client Component SSR]
    ./src/app/page.tsx [Server Component]

https://nextjs.org/docs/messages/module-not-found


./src/app/components/SeguimientoOrdenes.tsx:4:1
Module not found: Can't resolve 'lucide-react'
  [90m2 |[0m ...
  [90m3 |[0m ...eEffect } [36mfrom[0m [32m'react'[0m;
[31m[1m>[0m [90m4 |[0m ...[33mer[0m, [33mCalendar[0m, [33mAlertTriangle[0m, [33mClock[0m, 
[33mCheckCircle[0m, [33mArrowUpDown[0m, [33mChevronDown[0m, [33mAlertCircle[0m }.[36m..[0m
  [90m  |[0m    
[31m[1m^^^^^^^^^^^^^^^^^^^^^^^^^^^^^^^^^^^^^^^^^^^^^^^^^^^^^^^^^^^^^^^^^^^^^^^^^^^^^^^^^^^^^^^^^^^[0m
  [90m5 |[0m ...
  [90m6 |[0m ...[33mcion[0m {
  [90m7 |[0m ...



Import traces:
  Client Component Browser:
    ./src/app/components/SeguimientoOrdenes.tsx [Client Component Browser]
    ./src/app/page.tsx [Client Component Browser]
    ./src/app/page.tsx [Server Component]

  Client Component SSR:
    ./src/app/components/SeguimientoOrdenes.tsx [Client Component SSR]
    ./src/app/page.tsx [Client Component SSR]
    ./src/app/page.tsx [Server Component]

https://nextjs.org/docs/messages/module-not-found


./src/app/page.tsx:7:1
Module not found: Can't resolve 'lucide-react'
  [90m 5 |[0m [36mimport[0m { useSearchParams } [36mfrom[0m [32m"next/navigation"[0m;
  [90m 6 |[0m [36mimport[0m styles [36mfrom[0m [32m'./page.module.css'[0m;
[31m[1m>[0m [90m 7 |[0m [36mimport[0m {
  [90m   |[0m [31m[1m^^^^^^^[0m
[31m[1m>[0m [90m 8 |[0m   [33mLayoutDashboard[0m,
  [90m   |[0m [31m[1m^^^^^^^^^^^^^^^^^^[0m
[31m[1m>[0m [90m 9 |[0m   [33mClipboardList[0m,
  [90m   |[0m [31m[1m^^^^^^^^^^^^^^^^[0m
[31m[1m>[0m [90m10 |[0m   [33mPackageOpen[0m,
  [90m   |[0m [31m[1m^^^^^^^^^^^^^^[0m
[31m[1m>[0m [90m11 |[0m   [33mBarChart3[0m,
  [90m   |[0m [31m[1m^^^^^^^^^^^^[0m
[31m[1m>[0m [90m12 |[0m   [33mUsers[0m,
  [90m   |[0m [31m[1m^^^^^^^^[0m
[31m[1m>[0m [90m13 |[0m   [33mPlus[0m,
  [90m   |[0m [31m[1m^^^^^^^[0m
[31m[1m>[0m [90m14 |[0m   [33mFactory[0m,
  [90m   |[0m [31m[1m^^^^^^^^^^[0m
[31m[1m>[0m [90m15 |[0m   [33mListOrdered[0m,
  [90m   |[0m [31m[1m^^^^^^^^^^^^^^[0m
[31m[1m>[0m [90m16 |[0m   [33mLogOut[0m,
  [90m   |[0m [31m[1m^^^^^^^^^[0m
[31m[1m>[0m [90m17 |[0m   [33mShoppingCart[0m,
  [90m   |[0m [31m[1m^^^^^^^^^^^^^^^[0m
[31m[1m>[0m [90m18 |[0m   [33mAlertCircle[0m,
  [90m   |[0m [31m[1m^^^^^^^^^^^^^^[0m
[31m[1m>[0m [90m19 |[0m   [33mCheckCircle2[0m,
  [90m   |[0m [31m[1m^^^^^^^^^^^^^^^[0m
[31m[1m>[0m [90m20 |[0m   [33mTruck[0m,
  [90m   |[0m [31m[1m^^^^^^^^[0m
[31m[1m>[0m [90m21 |[0m   [33mXCircle[0m,
  [90m   |[0m [31m[1m^^^^^^^^^^[0m
[31m[1m>[0m [90m22 |[0m   [33mMenu[0m,
  [90m   |[0m [31m[1m^^^^^^^[0m
[31m[1m>[0m [90m23 |[0m   [33mX[0m,
  [90m   |[0m [31m[1m^^^^[0m
[31m[1m>[0m [90m24 |[0m   [33mEye[0m,
  [90m   |[0m [31m[1m^^^^^^[0m
[31m[1m>[0m [90m25 |[0m   [33mEyeOff[0m,
  [90m   |[0m [31m[1m^^^^^^^^^[0m
[31m[1m>[0m [90m26 |[0m   [33mCalendar[0m,
  [90m   |[0m [31m[1m^^^^^^^^^^^[0m
[31m[1m>[0m [90m27 |[0m } [36mfrom[0m [32m'lucide-react'[0m;
  [90m   |[0m [31m[1m^^^^^^^^^^^^^^^^^^^^^^[0m
  [90m28 |[0m [36mimport[0m [33mCalendarioProduccion[0m [36mfrom[0m 
[32m'./components/CalendarioProduccion'[0m;
  [90m29 |[0m [36mimport[0m [33mSeguimientoOrdenes[0m [36mfrom[0m [32m'./components/SeguimientoOrdenes'[0m;
  [90m30 |[0m



Import traces:
  Client Component Browser:
    ./src/app/page.tsx [Client Component Browser]
    ./src/app/page.tsx [Server Component]

  Client Component SSR:
    ./src/app/page.tsx [Client Component SSR]
    ./src/app/page.tsx [Server Component]

https://nextjs.org/docs/messages/module-not-found


./src/app/api/auth/[...nextauth]/route.ts:1:1
Module not found: Can't resolve 'next-auth'
[31m[1m>[0m [90m1 |[0m [36mimport[0m [33mNextAuth[0m [36mfrom[0m [32m"next-auth"[0m;
  [90m  |[0m [31m[1m^^^^^^^^^^^^^^^^^^^^^^^^^^^^^^^^^[0m
  [90m2 |[0m [36mimport[0m [33mGoogle[0m [36mfrom[0m [32m"next-auth/providers/google"[0m;
  [90m3 |[0m [36mimport[0m { [33mPrismaAdapter[0m } [36mfrom[0m [32m"@auth/prisma-adapter"[0m;
  [90m4 |[0m [36mimport[0m prisma [36mfrom[0m [32m"@/lib/db"[0m;



https://nextjs.org/docs/messages/module-not-found


./src/app/api/auth/[...nextauth]/route.ts:2:1
Module not found: Can't resolve 'next-auth/providers/google'
  [90m1 |[0m [36mimport[0m [33mNextAuth[0m [36mfrom[0m [32m"next-auth"[0m;
[31m[1m>[0m [90m2 |[0m [36mimport[0m [33mGoogle[0m [36mfrom[0m [32m"next-auth/providers/google"[0m;
  [90m  |[0m [31m[1m^^^^^^^^^^^^^^^^^^^^^^^^^^^^^^^^^^^^^^^^^^^^^^^^[0m
  [90m3 |[0m [36mimport[0m { [33mPrismaAdapter[0m } [36mfrom[0m [32m"@auth/prisma-adapter"[0m;
  [90m4 |[0m [36mimport[0m prisma [36mfrom[0m [32m"@/lib/db"[0m;
  [90m5 |[0m [36mimport[0m [36mtype[0m { [33mProvider[0m } [36mfrom[0m [32m"next-auth/providers"[0m;



https://nextjs.org/docs/messages/module-not-found


./src/app/page.tsx:4:1
Module not found: Can't resolve 'next-auth/react'
  [90m2 |[0m
  [90m3 |[0m [36mimport[0m [33mReact[0m, { useState, useEffect, useCallback } [36mfrom[0m [32m'react'[0m;
[31m[1m>[0m [90m4 |[0m [36mimport[0m { signIn, signOut, useSession } [36mfrom[0m [32m"next-auth/react"[0m;
  [90m  |[0m [31m[1m^^^^^^^^^^^^^^^^^^^^^^^^^^^^^^^^^^^^^^^^^^^^^^^^^^^^^^^^^^^^^^[0m
  [90m5 |[0m [36mimport[0m { useSearchParams } [36mfrom[0m [32m"next/navigation"[0m;
  [90m6 |[0m [36mimport[0m styles [36mfrom[0m [32m'./page.module.css'[0m;
  [90m7 |[0m [36mimport[0m {



Import traces:
  Client Component Browser:
    ./src/app/page.tsx [Client Component Browser]
    ./src/app/page.tsx [Server Component]

  Client Component SSR:
    ./src/app/page.tsx [Client Component SSR]
    ./src/app/page.tsx [Server Component]

https://nextjs.org/docs/messages/module-not-found


./src/app/providers.tsx:3:1
Module not found: Can't resolve 'next-auth/react'
  [90m1 |[0m [32m"use client"[0m;
  [90m2 |[0m
[31m[1m>[0m [90m3 |[0m [36mimport[0m { [33mSessionProvider[0m } [36mfrom[0m [32m"next-auth/react"[0m;
  [90m  |[0m [31m[1m^^^^^^^^^^^^^^^^^^^^^^^^^^^^^^^^^^^^^^^^^^^^^^^^^^[0m
  [90m4 |[0m
  [90m5 |[0m [36mexport[0m [36mfunction[0m [33mProviders[0m({ children }: { children: 
[33mReact[0m.[33mReactNode[0m }) {
  [90m6 |[0m   [36mreturn[0m <[33mSessionProvider[0m>{children}</[33mSessionProvider[0m>;



Import trace:
  Server Component:
    ./src/app/providers.tsx
    ./src/app/layout.tsx

https://nextjs.org/docs/messages/module-not-found


    at <unknown> (./src/app/api/auth/[...nextauth]/route.ts:3:1)
    at <unknown> (https://nextjs.org/docs/messages/module-not-found)
    at <unknown> (./src/app/components/CalendarioProduccion.tsx:4:1)
    at <unknown> (https://nextjs.org/docs/messages/module-not-found)
    at <unknown> (./src/app/components/SeguimientoOrdenes.tsx:4:1)
    at <unknown> (https://nextjs.org/docs/messages/module-not-found)
    at <unknown> (./src/app/page.tsx:7:1)
    at <unknown> (https://nextjs.org/docs/messages/module-not-found)
    at <unknown> (./src/app/api/auth/[...nextauth]/route.ts:1:1)
    at <unknown> (https://nextjs.org/docs/messages/module-not-found)
    at <unknown> (./src/app/api/auth/[...nextauth]/route.ts:2:1)
    at <unknown> (https://nextjs.org/docs/messages/module-not-found)
    at <unknown> (./src/app/page.tsx:4:1)
    at <unknown> (https://nextjs.org/docs/messages/module-not-found)
    at <unknown> (./src/app/providers.tsx:3:1)
    at <unknown> (https://nextjs.org/docs/messages/module-not-found)
